git is centralised version control.
1: - rohan pull files from VCS worked and pushed to git.
2: - if VCS master goes down then all repos goes down.
3: - Then distributed is comes in picture.
      a) : get complete full backup.
      b) : If server gets crash then we setp server later from backup.

4: - git is distributed system.We mirror complete repo then start working. 

5 : how git created :
    working on os then keep writing to code then they need to track dev changes .
    however they have used bitkeeper but later it's paid tool then they created git.
6: GIT is so much popular its free.
7: git hub hosting service which manage gits repository.There are other alternatives gitlab,bitbucket .git hub hosting services.
8 : git featrue:- 
      .git : project history : can get the version which you reqired.
      snapshot captured.
9: Almost every operation is local then you can push to remote repository(server).
10: git has intigrity having sha 1 cheksum internally validate checksum.
11: git generally only add data.
12: git install : git SCM   
13: Launch Gitbash : GIT COMMAND LINE TOOL
14: visual studio code :IDE
15:git config --global user.name "rvi4000"
16 :git config --global user.email "ravising4000@gmail.com"
17: b0268336-01@B0268336-01s-MacBook-Pro IMP_DATA % git config --list
credential.helper=osxkeychain
user.name=rvi4000
user.email=ravising4000@gmail.com
core.repositoryformatversion=0
core.filemode=true
core.bare=false
core.logallrefupdates=true
core.ignorecase=true
core.precomposeunicode=true
18:git config --global core.editor vim
19:
b0268336-01@B0268336-01s-MacBook-Pro IMP_DATA % git config user.name
rvi4000
b0268336-01@B0268336-01s-MacBook-Pro IMP_DATA % git config user.email
ravising4000@gmail.com
20 : GIT THREE STAGE ARCHITECTURE . there are 3 directory 
     1:Working dir
     2:Staging Area
     3:git directory commit changes on .git (c1,c2)-> REPOSITORY 
Don't move your file in to Staging area .until you want to push int or master. 
21:
b0268336-01@B0268336-01s-MacBook-Pro IMP_DATA % git init
Initialized empty Git repository in /Users/b0268336-01/IMP_DATA/.git/

22:

b0268336-01@B0268336-01s-MacBook-Pro IMP_DATA % git status
On branch master

No commits yet

Untracked files:
  (use "git add <file>..." to include in what will be committed)
	gita.txt
	index.html

nothing added to commit but untracked files present (use "git add" to track)


23: git add -A (add in stage are)

b0268336-01@B0268336-01s-MacBook-Pro IMP_DATA % git status  
On branch master

No commits yet

Changes to be committed:
  (use "git rm --cached <file>..." to unstage)
	new file:   gita.txt
	new file:   index.html


23: git add -A

24: if i use only git commit then it ask prompt hence we use -m switch

b0268336-01@B0268336-01s-MacBook-Pro IMP_DATA % git commit    
hint: Waiting for your editor to close the file... 

# Please enter the commit message for your changes. Lines starting
# with '#' will be ignored, and an empty message aborts the commit.
#
# On branch master
#
# Initial commit
#
# Changes to be committed:
#       new file:   gita.txt
#       new file:   index.html
#
# Changes not staged for commit:
#       modified:   gita.txt
#
~                                                                                                                                                                                                           
~                                                                                                                                                                                                           
25:- 

git commit -m "Initial Commit"
[master (root-commit) 4f380bf] Initial Commit
 2 files changed, 67 insertions(+)
 create mode 100644 gita.txt
 create mode 100644 index.html
~

26:- 

b0268336-01@B0268336-01s-MacBook-Pro IMP_DATA % git log (to show all commit)
commit 4f380bf3d4c68b499f044aa7c4e2c0ba12895722 (HEAD -> master)
Author: rvi4000 <ravising4000@gmail.com>
Date:   Fri Feb 9 10:08:36 2024 +0530

    Initial Commit

27:- 

b0268336-01@B0268336-01s-MacBook-Pro IMP_DATA % git add index.html 
b0268336-01@B0268336-01s-MacBook-Pro IMP_DATA % git status        
On branch master
Changes to be committed:
  (use "git restore --staged <file>..." to unstage)
	modified:   index.html

Changes not staged for commit:
  (use "git add <file>..." to update what will be committed)
  (use "git restore <file>..." to discard changes in working directory)
	modified:   gita.txt

28: 

b0268336-01@B0268336-01s-MacBook-Pro IMP_DATA % git commit -m "second commit"
[master ac3d8f1] second commit
 1 file changed, 3 insertions(+), 1 deletion(-)
b0268336-01@B0268336-01s-MacBook-Pro IMP_DATA % git status
On branch master
Changes not staged for commit:
  (use "git add <file>..." to update what will be committed)
  (use "git restore <file>..." to discard changes in working directory)
	modified:   gita.txt

no changes added to commit (use "git add" and/or "git commit -a")
b0268336-01@B0268336-01s-MacBook-Pro IMP_DATA % git log
commit ac3d8f1cd87a89eaf344bc8050f40205f35b4158 (HEAD -> master)
Author: rvi4000 <ravising4000@gmail.com>
Date:   Fri Feb 9 10:12:46 2024 +0530

    second commit

commit 4f380bf3d4c68b499f044aa7c4e2c0ba12895722
Author: rvi4000 <ravising4000@gmail.com>
Date:   Fri Feb 9 10:08:36 2024 +0530

    Initial Commit

29:- rm -rf .git(now tracking not happening) because its not git repos

30:- git clone from remote location

b0268336-01@B0268336-01s-MacBook-Pro IMP_DATA % git clone https://github.com/tensorflow/tensorflow.git
Cloning into 'tensorflow'...
remote: Enumerating objects: 1715649, done.
remote: Counting objects: 100% (3512/3512), done.
remote: Compressing objects: 100% (1641/1641), done.
remote: Total 1715649 (delta 2091), reused 3224 (delta 1861), pack-reused 1712137
Receiving objects: 100% (1715649/1715649), 959.31 MiB | 5.21 MiB/s, done.
Resolving deltas: 100% (1398124/1398124), done.
Updating files: 100% (31196/31196), done.


31: UNTRACKED (git init (create repos))   -> UNMODIFIED (git add) -> MODIFIED () -> STAGED    
32: git ignore   

>>>>

b0268336-01@B0268336-01s-MacBook-Pro IMP_DATA % touch error.log
b0268336-01@B0268336-01s-MacBook-Pro IMP_DATA % 
b0268336-01@B0268336-01s-MacBook-Pro IMP_DATA % 
b0268336-01@B0268336-01s-MacBook-Pro IMP_DATA % 
b0268336-01@B0268336-01s-MacBook-Pro IMP_DATA % 
b0268336-01@B0268336-01s-MacBook-Pro IMP_DATA % ls -trh
index.html	tensorflow	gita.txt	error.log
b0268336-01@B0268336-01s-MacBook-Pro IMP_DATA % 
b0268336-01@B0268336-01s-MacBook-Pro IMP_DATA % 
b0268336-01@B0268336-01s-MacBook-Pro IMP_DATA % 
b0268336-01@B0268336-01s-MacBook-Pro IMP_DATA % 
b0268336-01@B0268336-01s-MacBook-Pro IMP_DATA % vim .gitignore
b0268336-01@B0268336-01s-MacBook-Pro IMP_DATA % *.log
b0268336-01@B0268336-01s-MacBook-Pro IMP_DATA % 
b0268336-01@B0268336-01s-MacBook-Pro IMP_DATA % 
b0268336-01@B0268336-01s-MacBook-Pro IMP_DATA % 
b0268336-01@B0268336-01s-MacBook-Pro IMP_DATA % 
b0268336-01@B0268336-01s-MacBook-Pro IMP_DATA % gist status
zsh: command not found: gist
b0268336-01@B0268336-01s-MacBook-Pro IMP_DATA % git status    
On branch master
Changes not staged for commit:
  (use "git add <file>..." to update what will be committed)
  (use "git restore <file>..." to discard changes in working directory)
	modified:   gita.txt

Untracked files:
  (use "git add <file>..." to include in what will be committed)
	.gitignore
	tensorflow/

no changes added to commit (use "git add" and/or "git commit -a")

>>>>
33 :- 

0268336-01@B0268336-01s-MacBook-Pro IMP_DATA % ls -ltrh
total 32
-rw-r--r--   1 b0268336-01  staff    40B Feb  9 10:10 index.html
drwxr-xr-x  36 b0268336-01  staff   1.1K Feb 11 19:27 tensorflow
-rw-r--r--   1 b0268336-01  staff   7.3K Feb 11 19:52 gita.txt
-rw-r--r--   1 b0268336-01  staff    13B Feb 11 19:54 error.log
b0268336-01@B0268336-01s-MacBook-Pro IMP_DATA % 
b0268336-01@B0268336-01s-MacBook-Pro IMP_DATA % 
b0268336-01@B0268336-01s-MacBook-Pro IMP_DATA % touch error1.log error2.log 
b0268336-01@B0268336-01s-MacBook-Pro IMP_DATA % touch error4.log error3.log 
b0268336-01@B0268336-01s-MacBook-Pro IMP_DATA % ls -ltrh
total 32
-rw-r--r--   1 b0268336-01  staff    40B Feb  9 10:10 index.html
drwxr-xr-x  36 b0268336-01  staff   1.1K Feb 11 19:27 tensorflow
-rw-r--r--   1 b0268336-01  staff   7.3K Feb 11 19:52 gita.txt
-rw-r--r--   1 b0268336-01  staff    13B Feb 11 19:54 error.log
-rw-r--r--   1 b0268336-01  staff     0B Feb 11 19:56 error1.log
-rw-r--r--   1 b0268336-01  staff     0B Feb 11 19:56 error2.log
-rw-r--r--   1 b0268336-01  staff     0B Feb 11 19:56 error4.log
-rw-r--r--   1 b0268336-01  staff     0B Feb 11 19:56 error3.log
b0268336-01@B0268336-01s-MacBook-Pro IMP_DATA % 
b0268336-01@B0268336-01s-MacBook-Pro IMP_DATA % 
b0268336-01@B0268336-01s-MacBook-Pro IMP_DATA % git status
On branch master
Untracked files:
  (use "git add <file>..." to include in what will be committed)
	error1.log
	error2.log
	error3.log
	error4.log

nothing added to commit but untracked files present (use "git add" to track)
b0268336-01@B0268336-01s-MacBook-Pro IMP_DATA % 
b0268336-01@B0268336-01s-MacBook-Pro IMP_DATA % 
b0268336-01@B0268336-01s-MacBook-Pro IMP_DATA % vim .gitignore 
b0268336-01@B0268336-01s-MacBook-Pro IMP_DATA % 
b0268336-01@B0268336-01s-MacBook-Pro IMP_DATA % 
b0268336-01@B0268336-01s-MacBook-Pro IMP_DATA % 
b0268336-01@B0268336-01s-MacBook-Pro IMP_DATA % 
b0268336-01@B0268336-01s-MacBook-Pro IMP_DATA % 
b0268336-01@B0268336-01s-MacBook-Pro IMP_DATA % 
b0268336-01@B0268336-01s-MacBook-Pro IMP_DATA % 
b0268336-01@B0268336-01s-MacBook-Pro IMP_DATA % git status    
On branch master
Changes not staged for commit:
  (use "git add <file>..." to update what will be committed)
  (use "git restore <file>..." to discard changes in working directory)
	modified:   .gitignore

no changes added to commit (use "git add" and/or "git commit -a")
b0268336-01@B0268336-01s-MacBook-Pro IMP_DATA % 
b0268336-01@B0268336-01s-MacBook-Pro IMP_DATA % vim error1.log              
b0268336-01@B0268336-01s-MacBook-Pro IMP_DATA % vim error2.log
b0268336-01@B0268336-01s-MacBook-Pro IMP_DATA % vim error3.log
b0268336-01@B0268336-01s-MacBook-Pro IMP_DATA % 
b0268336-01@B0268336-01s-MacBook-Pro IMP_DATA % 
b0268336-01@B0268336-01s-MacBook-Pro IMP_DATA % 
b0268336-01@B0268336-01s-MacBook-Pro IMP_DATA % 
b0268336-01@B0268336-01s-MacBook-Pro IMP_DATA % git status    
On branch master
Changes not staged for commit:
  (use "git add <file>..." to update what will be committed)
  (use "git restore <file>..." to discard changes in working directory)
	modified:   .gitignore

no changes added to commit (use "git add" and/or "git commit -a")
b0268336-01@B0268336-01s-MacBook-Pro IMP_DATA % 
b0268336-01@B0268336-01s-MacBook-Pro IMP_DATA % 
b0268336-01@B0268336-01s-MacBook-Pro IMP_DATA % 
b0268336-01@B0268336-01s-MacBook-Pro IMP_DATA % 
b0268336-01@B0268336-01s-MacBook-Pro IMP_DATA % git status
On branch master
Changes not staged for commit:
  (use "git add <file>..." to update what will be committed)
  (use "git restore <file>..." to discard changes in working directory)
	modified:   .gitignore

no changes added to commit (use "git add" and/or "git commit -a")
b0268336-01@B0268336-01s-MacBook-Pro IMP_DATA % 
b0268336-01@B0268336-01s-MacBook-Pro IMP_DATA % 
b0268336-01@B0268336-01s-MacBook-Pro IMP_DATA % 
b0268336-01@B0268336-01s-MacBook-Pro IMP_DATA % 


b0268336-01@B0268336-01s-MacBook-Pro IMP_DATA % git status    
On branch master
Changes not staged for commit:
  (use "git add <file>..." to update what will be committed)
  (use "git restore <file>..." to discard changes in working directory)
	modified:   .gitignore

no changes added to commit (use "git add" and/or "git commit -a")
b0268336-01@B0268336-01s-MacBook-Pro IMP_DATA % 
b0268336-01@B0268336-01s-MacBook-Pro IMP_DATA % vim error1.log              
b0268336-01@B0268336-01s-MacBook-Pro IMP_DATA % vim error2.log
b0268336-01@B0268336-01s-MacBook-Pro IMP_DATA % vim error3.log
b0268336-01@B0268336-01s-MacBook-Pro IMP_DATA % 
b0268336-01@B0268336-01s-MacBook-Pro IMP_DATA % 
b0268336-01@B0268336-01s-MacBook-Pro IMP_DATA % 
b0268336-01@B0268336-01s-MacBook-Pro IMP_DATA % 
b0268336-01@B0268336-01s-MacBook-Pro IMP_DATA % git status    
On branch master
Changes not staged for commit:
  (use "git add <file>..." to update what will be committed)
  (use "git restore <file>..." to discard changes in working directory)
	modified:   .gitignore

no changes added to commit (use "git add" and/or "git commit -a")
b0268336-01@B0268336-01s-MacBook-Pro IMP_DATA % 
b0268336-01@B0268336-01s-MacBook-Pro IMP_DATA % 
b0268336-01@B0268336-01s-MacBook-Pro IMP_DATA % 
b0268336-01@B0268336-01s-MacBook-Pro IMP_DATA % 
b0268336-01@B0268336-01s-MacBook-Pro IMP_DATA % git status
On branch master
Changes not staged for commit:
  (use "git add <file>..." to update what will be committed)
  (use "git restore <file>..." to discard changes in working directory)
	modified:   .gitignore

no changes added to commit (use "git add" and/or "git commit -a")
b0268336-01@B0268336-01s-MacBook-Pro IMP_DATA % 
b0268336-01@B0268336-01s-MacBook-Pro IMP_DATA % 
b0268336-01@B0268336-01s-MacBook-Pro IMP_DATA % 
b0268336-01@B0268336-01s-MacBook-Pro IMP_DATA % vim gita.txt                  
b0268336-01@B0268336-01s-MacBook-Pro IMP_DATA % 
b0268336-01@B0268336-01s-MacBook-Pro IMP_DATA % 
b0268336-01@B0268336-01s-MacBook-Pro IMP_DATA % git commit -m "add ignorefile all logs"
On branch master
Changes not staged for commit:
	modified:   .gitignore
	modified:   gita.txt

no changes added to commit
b0268336-01@B0268336-01s-MacBook-Pro IMP_DATA % git add -A                       
b0268336-01@B0268336-01s-MacBook-Pro IMP_DATA % git status                             
On branch master
Changes to be committed:
  (use "git restore --staged <file>..." to unstage)
	modified:   .gitignore
	modified:   gita.txt

b0268336-01@B0268336-01s-MacBook-Pro IMP_DATA % git commit -m "add ignorefile all logs"
[master 6ece795] add ignorefile all logs
 2 files changed, 87 insertions(+), 1 deletion(-)
b0268336-01@B0268336-01s-MacBook-Pro IMP_DATA % 
b0268336-01@B0268336-01s-MacBook-Pro IMP_DATA % 
b0268336-01@B0268336-01s-MacBook-Pro IMP_DATA % 
                   
